[2026-08-22 21:41:14] XATO: sozlamalar.json faylida bot_token hali kiritilmagan!
[2026-08-22 22:13:33] XATO: Telegram rad etdi: {"ok":false,"error_code":403,"description":"Forbidden: bot is not a member of the channel chat"}
[2026-08-22 22:18:32] YUBORILDI: 001-tanishuv.txt -> @sofiamulladjanovakosmetolog
[2026-08-22 23:50:29] YUBORILDI: 002-teri-parvarishi.txt [rasmsiz (rasm yo'q)] | navbatda yana 26 ta
[2026-08-22 19:05:38] XATO: Telegram rad etdi: {"ok":false,"error_code":404,"description":"Not Found"}
[2026-08-22 19:21:08] YUBORILDI: 003-tozalash-muolajasi.txt [rasmsiz (rasm yo'q)] | navbatda yana 25 ta
[2026-08-22 19:41:05] Tayyorlanmoqda: Husnbuzar (akne) | Bu holat nima va nega paydo bo'ladi - sababla
[2026-08-22 19:41:24] YUBORILDI: Husnbuzar (akne) [rasm bilan] | qolgan mavzu: 209
[2026-08-22 19:51:23] Tayyorlanmoqda: Rozatsea | Bu holat nima va nega paydo bo'ladi - sababla
[2026-08-22 19:52:07] YUBORILDI: Rozatsea [rasm bilan] | qolgan mavzu: 208
[2026-08-23 04:44:02] Tayyorlanmoqda: Melanoma | Qachon mutaxassisga murojaat qilish kerak - o
[2026-08-23 04:44:20] YUBORILDI: Melanoma [rasm bilan] | qolgan mavzu: 207
[2026-08-23 07:38:48] Tayyorlanmoqda: Ko'karishlar | Profilaktika - oldini olish yo'llari
[2026-08-23 07:39:07] YUBORILDI: Ko'karishlar [rasm bilan] | qolgan mavzu: 206
[2026-08-23 10:30:23] Tayyorlanmoqda: Xollar | Profilaktika - oldini olish yo'llari
[2026-08-23 10:30:41] YUBORILDI: Xollar [rasm bilan] | qolgan mavzu: 205
[2026-08-23 13:37:07] Tayyorlanmoqda: Terining qarishi | Bu holat nima va nega paydo bo'ladi - sababla
[2026-08-23 13:37:25] YUBORILDI: Terining qarishi [rasm bilan] | qolgan mavzu: 204
[2026-08-23 16:33:08] Tayyorlanmoqda: Teri saratoni | Bu holat nima va nega paydo bo'ladi - sababla
[2026-08-23 16:33:24] YUBORILDI: Teri saratoni [rasm bilan] | qolgan mavzu: 203
[2026-08-24 04:52:44] Tayyorlanmoqda: So'gallar | Qachon mutaxassisga murojaat qilish kerak - o
[2026-08-24 04:53:02] YUBORILDI: So'gallar [rasm bilan] | qolgan mavzu: 202
[2026-08-24 08:00:46] Tayyorlanmoqda: Chandiqlar | Uy sharoitida nima qilish mumkin va nima qili
[2026-08-24 08:01:06] YUBORILDI: Chandiqlar [rasm bilan] | qolgan mavzu: 201
[2026-08-24 10:42:41] Tayyorlanmoqda: Teri saratoni | Qanday davolanadi - qanday yondashuvlar mavju
[2026-08-24 10:43:00] YUBORILDI: Teri saratoni [rasm bilan] | qolgan mavzu: 200
[2026-08-24 13:55:44] Tayyorlanmoqda: Zamburug'li infeksiyalar | Uy sharoitida nima qilish mumkin va nima qili
[2026-08-24 13:56:02] YUBORILDI: Zamburug'li infeksiyalar [rasm bilan] | qolgan mavzu: 199
[2026-08-24 16:45:56] Tayyorlanmoqda: Xollar | Shu mavzudagi keng tarqalgan noto'g'ri tushun
[2026-08-24 16:46:12] YUBORILDI: Xollar [rasm bilan] | qolgan mavzu: 198
[2026-08-25 04:45:14] Tayyorlanmoqda: Kuyishlar | Shu mavzudagi keng tarqalgan noto'g'ri tushun
[2026-08-25 04:45:31] YUBORILDI: Kuyishlar [rasm bilan] | qolgan mavzu: 197
[2026-08-25 07:49:54] Tayyorlanmoqda: Xollar | Belgilari qanday - o'quvchi o'zini tanib olis
[2026-08-25 07:50:09] YUBORILDI: Xollar [rasm bilan] | qolgan mavzu: 196
[2026-08-25 10:39:21] Tayyorlanmoqda: Terining qarishi | Belgilari qanday - o'quvchi o'zini tanib olis
[2026-08-25 10:39:42] YUBORILDI: Terining qarishi [rasm bilan] | qolgan mavzu: 195
[2026-08-25 13:54:59] Tayyorlanmoqda: Zamburug'li infeksiyalar | Shu mavzudagi keng tarqalgan noto'g'ri tushun
[2026-08-25 13:55:17] YUBORILDI: Zamburug'li infeksiyalar [rasm bilan] | qolgan mavzu: 194
[2026-08-25 16:44:55] Tayyorlanmoqda: Teri holatlari (umumiy) | Qanday davolanadi - qanday yondashuvlar mavju
[2026-08-25 16:45:13] YUBORILDI: Teri holatlari (umumiy) [rasm bilan] | qolgan mavzu: 193
[2026-08-26 04:47:05] Tayyorlanmoqda: Ixtioz (quruq teri) | Bu holat nima va nega paydo bo'ladi - sababla
[2026-08-26 04:47:24] YUBORILDI: Ixtioz (quruq teri) [rasm bilan] | qolgan mavzu: 192
[2026-08-26 07:51:38] Tayyorlanmoqda: Husnbuzar (akne) | Qachon mutaxassisga murojaat qilish kerak - o
[2026-08-26 07:51:57] YUBORILDI: Husnbuzar (akne) [rasm bilan] | qolgan mavzu: 191
[2026-08-26 10:40:36] Tayyorlanmoqda: Ko'karishlar | Belgilari qanday - o'quvchi o'zini tanib olis
[2026-08-26 10:40:54] YUBORILDI: Ko'karishlar [rasm bilan] | qolgan mavzu: 190
[2026-08-26 13:58:23] Tayyorlanmoqda: Eshakyem (krapivnitsa) | Qanday davolanadi - qanday yondashuvlar mavju
[2026-08-26 13:58:40] YUBORILDI: Eshakyem (krapivnitsa) [rasm bilan] | qolgan mavzu: 189
[2026-08-26 16:52:18] Tayyorlanmoqda: Ko'karishlar | Qachon mutaxassisga murojaat qilish kerak - o
[2026-08-26 16:52:36] YUBORILDI: Ko'karishlar [rasm bilan] | qolgan mavzu: 188
[2026-08-27 15:05:48] Tayyorlanmoqda: Kuyishlar | Profilaktika - oldini olish yo'llari
[2026-08-27 15:06:10] Tillar: EN, RU, UZ | Tarjima usuli: Telegraph havolalari
[2026-08-27 15:06:11] YUBORILDI: Kuyishlar [rasm bilan, 629 belgi] | qolgan mavzu: 187
[2026-08-28 00:49:18] O'TKAZILDI (AI bahosi: mos emas): doctor_star_academy/301
[2026-08-28 00:49:47] YUBORILDI (kanal): doctor_star_academy/297 | rasm bilan, 747 belgi | Telegraph havolalari
[2026-08-28 16:29:33] O'TKAZILDI (AI bahosi: mos emas): doctor_star_academy/301
[2026-08-28 16:29:59] YUBORILDI (kanal): doctor_star_academy/297 | rasm bilan, 706 belgi | Telegraph havolalari
[2026-08-29 10:57:43] O'TKAZILDI (AI bahosi: mos emas): doctor_star_academy/301
[2026-08-29 10:58:11] YUBORILDI (kanal): doctor_star_academy/297 | rasm bilan, 687 belgi | Telegraph havolalari
[2026-08-29 17:03:11] O'TKAZILDI (AI bahosi: mos emas): doctor_star_academy/301
[2026-08-29 17:03:42] YUBORILDI (kanal): doctor_star_academy/297 | rasm bilan, 754 belgi | Telegraph havolalari
[2026-08-30 09:51:48] O'TKAZILDI (AI bahosi: mos emas): doctor_star_academy/301
[2026-08-30 09:52:17] YUBORILDI (kanal): doctor_star_academy/297 | rasm bilan, 708 belgi | Telegraph havolalari
[2026-08-30 14:45:20] O'TKAZILDI (AI bahosi: mos emas): doctor_star_academy/301
[2026-08-30 14:45:45] YUBORILDI (kanal): doctor_star_academy/297 | rasm bilan, 683 belgi | Telegraph havolalari
[2026-08-30 19:14:20] O'TKAZILDI (AI bahosi: mos emas): doctor_star_academy/301
[2026-08-30 19:14:26] O'TKAZILDI (AI bahosi: mos emas): doctor_star_academy/297
[2026-08-30 19:14:26] O'TKAZILDI (reklama so'zlari): doctor_star_academy/293
[2026-08-30 19:14:26] O'TKAZILDI (reklama so'zlari): doctor_star_academy/290
[2026-08-30 19:14:28] O'TKAZILDI (AI bahosi: mos emas): doctor_star_academy/288
[2026-08-30 19:14:28] O'TKAZILDI (reklama so'zlari): doctor_star_academy/280
[2026-08-30 19:14:28] Kanallarda yangi mos post yo'q.
[2026-08-30 19:14:28] Tayyorlanmoqda: Ixtioz (quruq teri) | Uy sharoitida nima qilish mumkin va nima qili
[2026-08-30 19:14:55] Tillar: EN, RU, UZ | Tarjima usuli: Telegraph havolalari
[2026-08-30 19:14:55] YUBORILDI: Ixtioz (quruq teri) [rasm bilan, 641 belgi] | qolgan mavzu: 186
[2026-08-31 10:43:51] O'TKAZILDI (AI bahosi: mos emas): doctor_star_academy/301
[2026-08-31 10:44:17] YUBORILDI (kanal): doctor_star_academy/297 | rasm bilan, 651 belgi | Telegraph havolalari
[2026-08-31 19:28:02] O'TKAZILDI (AI bahosi: mos emas): doctor_star_academy/301
[2026-08-31 19:28:08] O'TKAZILDI (AI bahosi: mos emas): doctor_star_academy/297
[2026-08-31 19:28:08] O'TKAZILDI (reklama so'zlari): doctor_star_academy/293
[2026-08-31 19:28:08] O'TKAZILDI (reklama so'zlari): doctor_star_academy/290
[2026-08-31 19:28:10] O'TKAZILDI (AI bahosi: mos emas): doctor_star_academy/288
[2026-08-31 19:28:10] O'TKAZILDI (reklama so'zlari): doctor_star_academy/280
[2026-08-31 19:28:10] Kanallarda yangi mos post yo'q.
[2026-08-31 19:28:11] Tayyorlanmoqda: Melanoma | Qanday davolanadi - qanday yondashuvlar mavju
[2026-08-31 19:28:34] Tillar: EN, RU, UZ | Tarjima usuli: Telegraph havolalari
[2026-08-31 19:28:35] YUBORILDI: Melanoma [rasm bilan, 588 belgi] | qolgan mavzu: 185
[2026-09-01 09:19:11] O'TKAZILDI (AI bahosi: mos emas): doctor_star_academy/301
[2026-09-01 09:19:39] YUBORILDI (kanal): doctor_star_academy/297 | rasm bilan, 699 belgi | Telegraph havolalari
[2026-09-01 14:40:27] O'TKAZILDI (AI bahosi: mos emas): doctor_star_academy/301
[2026-09-01 14:40:57] YUBORILDI (kanal): doctor_star_academy/297 | rasm bilan, 710 belgi | Telegraph havolalari
[2026-09-01 19:19:24] O'TKAZILDI (AI bahosi: mos emas): doctor_star_academy/301
[2026-09-01 19:19:52] YUBORILDI (kanal): doctor_star_academy/297 | rasm bilan, 730 belgi | Telegraph havolalari
[2026-09-02 08:41:02] O'TKAZILDI (AI bahosi: mos emas): doctor_star_academy/301
[2026-09-02 08:41:33] YUBORILDI (kanal): doctor_star_academy/297 | rasm bilan, 700 belgi | Telegraph havolalari
[2026-09-02 14:14:53] O'TKAZILDI (AI bahosi: mos emas): doctor_star_academy/301
[2026-09-02 14:15:19] YUBORILDI (kanal): doctor_star_academy/297 | rasm bilan, 617 belgi | Telegraph havolalari
[2026-09-02 19:19:31] O'TKAZILDI (AI bahosi: mos emas): doctor_star_academy/301
[2026-09-02 19:19:58] YUBORILDI (kanal): doctor_star_academy/297 | rasm bilan, 682 belgi | Telegraph havolalari
[2026-09-03 08:49:47] O'TKAZILDI (AI bahosi: mos emas): doctor_star_academy/301
[2026-09-03 08:50:16] YUBORILDI (kanal): doctor_star_academy/297 | rasm bilan, 699 belgi | Telegraph havolalari
[2026-09-03 14:18:57] O'TKAZILDI (AI bahosi: mos emas): doctor_star_academy/301
[2026-09-03 14:19:24] YUBORILDI (kanal): doctor_star_academy/297 | rasm bilan, 700 belgi | Telegraph havolalari
[2026-09-03 19:13:46] O'TKAZILDI (AI bahosi: mos emas): doctor_star_academy/301
[2026-09-03 19:14:14] YUBORILDI (kanal): doctor_star_academy/297 | rasm bilan, 762 belgi | Telegraph havolalari
[2026-09-04 08:45:07] O'TKAZILDI (AI bahosi: mos emas): doctor_star_academy/301
[2026-09-04 08:45:32] YUBORILDI (kanal): doctor_star_academy/297 | rasm bilan, 692 belgi | Telegraph havolalari
[2026-09-04 14:08:02] Tayyorlanmoqda: Ko'karishlar | Shu mavzudagi keng tarqalgan noto'g'ri tushun
[2026-09-04 14:08:36] Tillar: EN, IMG, RU, UZ | Tarjima usuli: Telegraph havolalari
[2026-09-04 14:08:36] Rasm qidiruvi: ice pack on knee wellness, first aid care home, healthy skin legs care
[2026-09-04 14:08:39] YUBORILDI: Ko'karishlar [rasm bilan, 585 belgi] | qolgan mavzu: 240
[2026-09-04 18:55:45] Tayyorlanmoqda: Kosmetikadan xavfsiz foydalanish | Qachon mutaxassisga murojaat qilish kerak - o
[2026-09-04 18:56:07] Tillar: EN, IMG, RU, UZ | Tarjima usuli: Telegraph havolalari
[2026-09-04 18:56:07] Rasm qidiruvi: woman applying face cream mirror
[2026-09-04 18:56:08] YUBORILDI: Kosmetikadan xavfsiz foydalanish [rasm bilan, 588 belgi] | qolgan mavzu: 239
[2026-09-05 08:15:29] Tayyorlanmoqda: Psoriaz | Belgilari qanday - o'quvchi o'zini tanib olis
[2026-09-05 08:15:55] Tillar: EN, IMG, RU, UZ | Tarjima usuli: Telegraph havolalari
[2026-09-05 08:15:55] Rasm qidiruvi: woman applying moisturizer to elbow, calm skincare routine, healthy skin close portrait
[2026-09-05 08:15:57] YUBORILDI: Psoriaz [rasm bilan, 671 belgi] | qolgan mavzu: 238
[2026-09-05 13:20:59] Tayyorlanmoqda: Pirsing va tatuirovka | Qanday davolanadi - qanday yondashuvlar mavju
[2026-09-05 13:21:22] Tillar: EN, IMG, RU, UZ | Tarjima usuli: Telegraph havolalari
[2026-09-05 13:21:22] Rasm qidiruvi: clean tattoo studio artist, woman with ear jewelry portrait, skin care after tattoo
[2026-09-05 13:21:24] YUBORILDI: Pirsing va tatuirovka [rasm bilan, 758 belgi] | qolgan mavzu: 237
[2026-09-05 18:03:09] Tayyorlanmoqda: Qadoq va suyaklar | Profilaktika - oldini olish yo'llari
[2026-09-05 18:03:33] Tillar: EN, IMG, RU, UZ | Tarjima usuli: Telegraph havolalari
[2026-09-05 18:03:33] Rasm qidiruvi: comfortable shoes fitting feet, foot care routine home, woman applying foot cream, healthy feet pumice stone
[2026-09-05 18:03:35] YUBORILDI: Qadoq va suyaklar [rasm bilan, 665 belgi] | qolgan mavzu: 236
[2026-09-06 08:34:08] Tayyorlanmoqda: Qichishish | Qanday davolanadi - qanday yondashuvlar mavju
[2026-09-06 08:34:32] Tillar: EN, IMG, RU, UZ | Tarjima usuli: Telegraph havolalari
[2026-09-06 08:34:32] Rasm qidiruvi: woman applying moisturizing lotion arm
[2026-09-06 08:34:33] YUBORILDI: Qichishish [rasm bilan, 711 belgi] | qolgan mavzu: 235
[2026-09-06 13:30:48] Tayyorlanmoqda: Teri holatlari (umumiy) | Belgilari qanday - o'quvchi o'zini tanib olis
[2026-09-06 13:31:09] Tillar: EN, IMG, RU, UZ | Tarjima usuli: Telegraph havolalari
[2026-09-06 13:31:09] Rasm qidiruvi: clean fresh face portrait woman, healthy glowing skin closeup, woman applying moisturizer
[2026-09-06 13:31:11] YUBORILDI: Teri holatlari (umumiy) [rasm bilan, 525 belgi] | qolgan mavzu: 234
[2026-09-06 18:10:45] Tayyorlanmoqda: Teri saratoni | Profilaktika - oldini olish yo'llari
[2026-09-06 18:11:07] Tillar: EN, IMG, RU, UZ | Tarjima usuli: Telegraph havolalari
[2026-09-06 18:11:07] Rasm qidiruvi: woman applying sunscreen outdoors summer, sun hat sunglasses beach
[2026-09-06 18:11:09] YUBORILDI: Teri saratoni [rasm bilan, 574 belgi] | qolgan mavzu: 233
[2026-09-07 09:12:20] Tayyorlanmoqda: Rozatsea | Uy sharoitida nima qilish mumkin va nima qili
[2026-09-07 09:12:43] Tillar: EN, IMG, RU, UZ | Tarjima usuli: Telegraph havolalari
[2026-09-07 09:12:43] Rasm qidiruvi: woman applying gentle moisturizer face, sunscreen skincare routine, calm fresh face portrait
[2026-09-07 09:12:44] YUBORILDI: Rozatsea [rasm bilan, 606 belgi] | qolgan mavzu: 232
[2026-09-07 15:41:40] Tayyorlanmoqda: Kosmetika saqlash muddati | Bu holat nima va nega paydo bo'ladi - sababla
[2026-09-07 15:42:07] Tillar: EN, IMG, RU, UZ | Tarjima usuli: Telegraph havolalari
[2026-09-07 15:42:07] Rasm qidiruvi: cosmetic jars on clean shelf, organized makeup collection, woman choosing skincare product
[2026-09-07 15:42:08] YUBORILDI: Kosmetika saqlash muddati [rasm bilan, 640 belgi] | qolgan mavzu: 231
[2026-09-07 19:47:16] Tayyorlanmoqda: Alopetsiya (soch to'kilishi) | Profilaktika - oldini olish yo'llari
[2026-09-07 19:47:47] Tillar: EN, IMG, RU, UZ | Tarjima usuli: Telegraph havolalari
[2026-09-07 19:47:47] Rasm qidiruvi: healthy shiny hair woman portrait, hair care routine bathroom, relaxed woman spa wellness
[2026-09-07 19:47:48] YUBORILDI: Alopetsiya (soch to'kilishi) [rasm bilan, 783 belgi] | qolgan mavzu: 230
[2026-09-08 08:46:47] Tayyorlanmoqda: Solyariy va tanlanish | Qanday davolanadi - qanday yondashuvlar mavju
[2026-09-08 08:47:14] Tillar: EN, IMG, RU, UZ | Tarjima usuli: Telegraph havolalari
[2026-09-08 08:47:14] Rasm qidiruvi: woman applying sunscreen beach summer
[2026-09-08 08:47:14] RASM YO'Q: Pexels: xato 500: 
[2026-09-08 08:47:14] YUBORILDI: Solyariy va tanlanish [rasmsiz (rasm yo'q)] | qolgan mavzu: 229
[2026-09-08 14:19:07] Tayyorlanmoqda: Soch to'kilishi | Profilaktika - oldini olish yo'llari
[2026-09-08 14:19:29] Tillar: EN, IMG, RU, UZ | Tarjima usuli: Telegraph havolalari
[2026-09-08 14:19:29] Rasm qidiruvi: healthy shiny hair woman smiling
[2026-09-08 14:19:31] YUBORILDI: Soch to'kilishi [rasm bilan, 635 belgi] | qolgan mavzu: 228
[2026-09-08 19:22:42] Tayyorlanmoqda: Husnbuzar (akne) | Belgilari qanday - o'quvchi o'zini tanib olis
[2026-09-08 19:23:07] Tillar: EN, IMG, RU, UZ | Tarjima usuli: Telegraph havolalari
[2026-09-08 19:23:07] Rasm qidiruvi: clean fresh face portrait skincare
[2026-09-08 19:23:09] YUBORILDI: Husnbuzar (akne) [rasm bilan, 668 belgi] | qolgan mavzu: 227
[2026-09-09 08:52:48] Tayyorlanmoqda: Kosmetika muddati | Profilaktika - oldini olish yo'llari
[2026-09-09 08:53:13] Tillar: EN, IMG, RU, UZ | Tarjima usuli: Telegraph havolalari
[2026-09-09 08:53:13] Rasm qidiruvi: tidy cosmetics shelf organized, woman choosing face cream, clean makeup brushes bathroom
[2026-09-09 08:53:14] YUBORILDI: Kosmetika muddati [rasm bilan, 602 belgi] | qolgan mavzu: 226
[2026-09-09 14:19:58] Tayyorlanmoqda: Gidradenit | Belgilari qanday - o'quvchi o'zini tanib olis
[2026-09-09 14:20:27] Tillar: EN, IMG, RU, UZ | Tarjima usuli: Telegraph havolalari
[2026-09-09 14:20:27] Rasm qidiruvi: woman gentle skincare routine bathroom
[2026-09-09 14:20:29] YUBORILDI: Gidradenit [rasm bilan, 682 belgi] | qolgan mavzu: 225
[2026-09-09 19:11:38] Tayyorlanmoqda: Tirnoq kasalliklari | Bu holat nima va nega paydo bo'ladi - sababla
[2026-09-09 19:12:00] Tillar: EN, IMG, RU, UZ | Tarjima usuli: Telegraph havolalari
[2026-09-09 19:12:00] Rasm qidiruvi: healthy manicured nails hands, nail care routine, woman applying hand cream, clean natural nails closeup
[2026-09-09 19:12:01] YUBORILDI: Tirnoq kasalliklari [rasm bilan, 629 belgi] | qolgan mavzu: 224
[2026-09-10 08:51:49] Tayyorlanmoqda: Eshakyem (krapivnitsa) | Uy sharoitida nima qilish mumkin va nima qili
[2026-09-10 08:52:11] Tillar: EN, IMG, RU, UZ | Tarjima usuli: Telegraph havolalari
[2026-09-10 08:52:11] Rasm qidiruvi: calm woman skincare routine home, cool water hands wellness, healthy clear skin portrait
[2026-09-10 08:52:13] YUBORILDI: Eshakyem (krapivnitsa) [rasm bilan, 614 belgi] | qolgan mavzu: 223
[2026-09-10 14:13:40] Tayyorlanmoqda: Ixtioz (quruq teri) | Belgilari qanday - o'quvchi o'zini tanib olis
[2026-09-10 14:14:08] Tillar: EN, IMG, RU, UZ | Tarjima usuli: Telegraph havolalari
[2026-09-10 14:14:08] Rasm qidiruvi: woman applying moisturizing cream dry skin, hand cream close up, gentle skincare routine, healthy hydrated skin portrait
[2026-09-10 14:14:10] YUBORILDI: Ixtioz (quruq teri) [rasm bilan, 676 belgi] | qolgan mavzu: 222
[2026-09-10 19:03:04] Tayyorlanmoqda: Qichishish | Profilaktika - oldini olish yo'llari
[2026-09-10 19:03:26] Tillar: EN, IMG, RU, UZ | Tarjima usuli: Telegraph havolalari
[2026-09-10 19:03:26] Rasm qidiruvi: woman applying moisturizing lotion arm, soft healthy skin care
[2026-09-10 19:03:28] YUBORILDI: Qichishish [rasm bilan, 670 belgi] | qolgan mavzu: 221
[2026-09-11 08:48:59] Tayyorlanmoqda: Qichishish | Belgilari qanday - o'quvchi o'zini tanib olis
[2026-09-11 08:49:20] Tillar: EN, IMG, RU, UZ | Tarjima usuli: Telegraph havolalari
[2026-09-11 08:49:20] Rasm qidiruvi: woman applying moisturizer to arm, soft healthy skin, calm skincare routine
[2026-09-11 08:49:22] YUBORILDI: Qichishish [rasm bilan, 569 belgi] | qolgan mavzu: 220
[2026-09-11 14:12:52] Tayyorlanmoqda: Soch to'kilishi | Qachon mutaxassisga murojaat qilish kerak - o
[2026-09-11 14:13:14] Tillar: EN, IMG, RU, UZ | Tarjima usuli: Telegraph havolalari
[2026-09-11 14:13:14] Rasm qidiruvi: woman brushing healthy long hair, hair care routine bathroom, shiny hair portrait
[2026-09-11 14:13:15] YUBORILDI: Soch to'kilishi [rasm bilan, 575 belgi] | qolgan mavzu: 219
[2026-09-11 19:05:07] Tayyorlanmoqda: Kosmetika saqlash muddati | Qachon mutaxassisga murojaat qilish kerak - o
[2026-09-11 19:05:30] Tillar: EN, IMG, RU, UZ | Tarjima usuli: Telegraph havolalari
[2026-09-11 19:05:30] Rasm qidiruvi: tidy cosmetics shelf bathroom, woman organizing makeup products, clean beauty products flat lay
[2026-09-11 19:05:32] YUBORILDI: Kosmetika saqlash muddati [rasm bilan, 596 belgi] | qolgan mavzu: 218
[2026-09-12 08:32:43] Tayyorlanmoqda: Kosmetikadan xavfsiz foydalanish | Profilaktika - oldini olish yo'llari
[2026-09-12 08:33:08] Tillar: EN, IMG, RU, UZ | Tarjima usuli: Telegraph havolalari
[2026-09-12 08:33:08] Rasm qidiruvi: woman applying makeup mirror, cosmetics products flat lay, skincare routine morning, clean beauty shelf
[2026-09-12 08:33:09] YUBORILDI: Kosmetikadan xavfsiz foydalanish [rasm bilan, 626 belgi] | qolgan mavzu: 217
[2026-09-12 13:29:33] Tayyorlanmoqda: Vitiligo | Shu mavzudagi keng tarqalgan noto'g'ri tushun
[2026-09-12 13:29:58] Tillar: EN, IMG, RU, UZ | Tarjima usuli: Telegraph havolalari
[2026-09-12 13:29:58] Rasm qidiruvi: confident woman portrait natural skin, gentle skincare routine sunlight
[2026-09-12 13:30:00] YUBORILDI: Vitiligo [rasm bilan, 576 belgi] | qolgan mavzu: 216
